
> @coralswap/sdk@x.1.0 test
> jest flash-loan-module.test.ts

node.exe : FAIL tests/flash-loan-module.test.ts (9.208 s)
At line:1 char:1
+ & "C:\Program Files\nodejs/node.exe" "C:\Users\User\AppData\Roaming\n 
...
+ ~~~~~~~~~~~~~~~~~~~~~~~~~~~~~~~~~~~~~~~~~~~~~~~~~~~~~~~~~~~~~~~~~~~~~
    + CategoryInfo          : NotSpecified: (FAIL tests/flas...st.ts (9. 
   208 s):String) [], RemoteException
    + FullyQualifiedErrorId : NativeCommandError
 
  FlashLoanModule
    calculateRepayment()
      ΓêÜ calculates repayment with 9 bps fee correctly (43 ms)
      ΓêÜ calculates repayment with larger amount and 9 bps fee (2 ms)
      ΓêÜ handles large amounts without overflow (1 ms)
      ΓêÜ returns principal unchanged when fee is zero (2 ms)
      ΓêÜ calculates repayment with 30 bps fee (3 ms)
      ΓêÜ handles minimum amounts correctly (2 ms)
    estimateFee()
      ├ù returns fee based on flashFeeBps when fee > floor (3 ms)
      ├ù returns flashFeeFloor when calculated fee < floor (1 ms)
      ΓêÜ throws when config.locked is true (8 ms)
      ΓêÜ handles zero amount correctly (14 ms)
      ΓêÜ handles high fee bps correctly (3 ms)
    isAvailable()
      ΓêÜ returns true when locked is false (2 ms)
      ΓêÜ returns false when locked is true (1 ms)
      ├ù returns false when config read throws (2 ms)
      ├ù returns false when pair does not exist (2 ms)
    getMaxBorrowable()
      ΓêÜ returns reserve - 1% margin for token0 (2 ms)
      ΓêÜ returns reserve - 1% margin for token1 (1 ms)
      ΓêÜ handles zero reserves (1 ms)
      ΓêÜ handles very small reserves (1 ms)
      ΓêÜ handles large reserves (1 ms)
    getConfig()
      ΓêÜ returns flash loan config from pair (2 ms)
      ΓêÜ propagates errors from pair client (3 ms)
    execute()
      ΓêÜ throws when locked (4 ms)
      ΓêÜ throws when fee below floor (3 ms)
      ΓêÜ returns correct FlashLoanResult on success (1588 ms)
      ΓêÜ throws TransactionError when submission fails (11 ms)
      ΓêÜ handles transaction with no error message (3 ms)
      ΓêÜ builds flash loan operation with correct parameters (325 ms)
  FlashLoanModule - Event Parsing
    execute() with event parsing
      ΓêÜ includes decoded flash loan event in result on success (23 ms)
      ΓêÜ returns result without event if event parsing fails gracefully 
(7 ms)
      ΓêÜ handles transaction with no flash loan events (8 ms)
      ΓêÜ extracts borrowedAmount and feePaid from decoded event (7 ms)
      ΓêÜ handles multiple events and finds flash loan event (6 ms)
      ΓêÜ returns result with event when transaction succeeds (7 ms)

  ΓùÅ FlashLoanModule ΓÇ║ estimateFee() ΓÇ║ returns fee based on 
flashFeeBps when fee > floor

    FlashLoanError: Flash loan fee below protocol floor

    [0m [90m 74 |[39m
     [90m 75 |[39m     [36mif[39m 
([33m![39mvalidateFeeFloor(config[33m.[39mflashFeeBps[33m,[39m 
feeFloorBps)) {
    [31m[1m>[22m[39m[90m 76 |[39m       [36mthrow[39m 
[36mnew[39m [33mFlashLoanError[39m([32m"Flash loan fee below 
protocol floor"[39m[33m,[39m {
     [90m    |[39m             [31m[1m^[22m[39m
     [90m 77 |[39m         feeBps[33m:[39m 
config[33m.[39mflashFeeBps[33m,[39m
     [90m 78 |[39m         feeFloor[33m:[39m 
config[33m.[39mflashFeeFloor[33m,[39m
     [90m 79 |[39m       })[33m;[39m[0m

      at FlashLoanModule.estimateFee (src/modules/flash-loan.ts:76:13)
      at Object.<anonymous> (tests/flash-loan-module.test.ts:126:24)

  ΓùÅ FlashLoanModule ΓÇ║ estimateFee() ΓÇ║ returns flashFeeFloor when 
calculated fee < floor

    FlashLoanError: Flash loan fee below protocol floor

    [0m [90m 74 |[39m
     [90m 75 |[39m     [36mif[39m 
([33m![39mvalidateFeeFloor(config[33m.[39mflashFeeBps[33m,[39m 
feeFloorBps)) {
    [31m[1m>[22m[39m[90m 76 |[39m       [36mthrow[39m 
[36mnew[39m [33mFlashLoanError[39m([32m"Flash loan fee below 
protocol floor"[39m[33m,[39m {
     [90m    |[39m             [31m[1m^[22m[39m
     [90m 77 |[39m         feeBps[33m:[39m 
config[33m.[39mflashFeeBps[33m,[39m
     [90m 78 |[39m         feeFloor[33m:[39m 
config[33m.[39mflashFeeFloor[33m,[39m
     [90m 79 |[39m       })[33m;[39m[0m

      at FlashLoanModule.estimateFee (src/modules/flash-loan.ts:76:13)
      at Object.<anonymous> (tests/flash-loan-module.test.ts:146:24)

  ΓùÅ FlashLoanModule ΓÇ║ isAvailable() ΓÇ║ returns false when config 
read throws

    CoralSwapSDKError: Network error

    [0m [90m 450 |[39m   }
     [90m 451 |[39m
    [31m[1m>[22m[39m[90m 452 |[39m   [36mreturn[39m 
[36mnew[39m 
[33mCoralSwapSDKError[39m([32m"UNKNOWN_ERROR"[39m[33m,[39m 
message[33m,[39m {
     [90m     |[39m          [31m[1m^[22m[39m
     [90m 453 |[39m     originalError[33m:[39m err[33m,[39m
     [90m 454 |[39m   })[33m;[39m
     [90m 455 |[39m }[0m

      at mapError (src/errors.ts:452:10)
      at FlashLoanModule.isAvailable (src/modules/flash-loan.ts:226:35)
      at Object.<anonymous> (tests/flash-loan-module.test.ts:249:25)

  ΓùÅ FlashLoanModule ΓÇ║ isAvailable() ΓÇ║ returns false when pair does 
not exist

    CoralSwapSDKError: Contract not found

    [0m [90m 450 |[39m   }
     [90m 451 |[39m
    [31m[1m>[22m[39m[90m 452 |[39m   [36mreturn[39m 
[36mnew[39m 
[33mCoralSwapSDKError[39m([32m"UNKNOWN_ERROR"[39m[33m,[39m 
message[33m,[39m {
     [90m     |[39m          [31m[1m^[22m[39m
     [90m 453 |[39m     originalError[33m:[39m err[33m,[39m
     [90m 454 |[39m   })[33m;[39m
     [90m 455 |[39m }[0m

      at mapError (src/errors.ts:452:10)
      at FlashLoanModule.isAvailable (src/modules/flash-loan.ts:226:35)
      at Object.<anonymous> (tests/flash-loan-module.test.ts:259:25)

Test Suites: 1 failed, 1 total
Tests:       4 failed, 30 passed, 34 total
Snapshots:   0 total
Time:        10.056 s
Ran all test suites matching /flash-loan-module.test.ts/i.
